  client.cpp
C:\Users\somin\OneDrive\GameServer_TermProject\client\client\client.cpp(123,10): warning C4244: '초기화 중': '__int64'에서 'int'(으)로 변환하면서 데이터가 손실될 수 있습니다.
C:\Users\somin\OneDrive\GameServer_TermProject\client\client\client.cpp(171,16): warning C4244: '초기화 중': '__int64'에서 'int'(으)로 변환하면서 데이터가 손실될 수 있습니다.
C:\Users\somin\OneDrive\GameServer_TermProject\client\client\client.cpp(209,23): warning C4244: '인수': '__int64'에서 'const int'(으)로 변환하면서 데이터가 손실될 수 있습니다.
C:\Users\somin\OneDrive\GameServer_TermProject\client\client\client.cpp(210,9): warning C4244: '인수': '__int64'에서 'int'(으)로 변환하면서 데이터가 손실될 수 있습니다.
C:\Users\somin\OneDrive\GameServer_TermProject\client\client\client.cpp(211,9): warning C4244: '인수': '__int64'에서 'int'(으)로 변환하면서 데이터가 손실될 수 있습니다.
C:\Users\somin\OneDrive\GameServer_TermProject\client\client\client.cpp(212,9): warning C4244: '인수': '__int64'에서 'int'(으)로 변환하면서 데이터가 손실될 수 있습니다.
C:\Users\somin\OneDrive\GameServer_TermProject\client\client\client.cpp(213,13): warning C4244: '인수': '__int64'에서 'int'(으)로 변환하면서 데이터가 손실될 수 있습니다.
C:\Users\somin\OneDrive\GameServer_TermProject\client\client\client.cpp(214,10): warning C4244: '인수': '__int64'에서 'int'(으)로 변환하면서 데이터가 손실될 수 있습니다.
C:\Users\somin\OneDrive\GameServer_TermProject\client\client\client.cpp(215,10): warning C4244: '인수': '__int64'에서 'int'(으)로 변환하면서 데이터가 손실될 수 있습니다.
C:\Users\somin\OneDrive\GameServer_TermProject\client\client\client.cpp(216,10): warning C4244: '인수': '__int64'에서 'int'(으)로 변환하면서 데이터가 손실될 수 있습니다.
C:\Users\somin\OneDrive\GameServer_TermProject\client\client\client.cpp(217,28): warning C4244: '인수': '__int64'에서 '_Ty'(으)로 변환하면서 데이터가 손실될 수 있습니다.
C:\Users\somin\OneDrive\GameServer_TermProject\client\client\client.cpp(217,28): warning C4244:         with
C:\Users\somin\OneDrive\GameServer_TermProject\client\client\client.cpp(217,28): warning C4244:         [
C:\Users\somin\OneDrive\GameServer_TermProject\client\client\client.cpp(217,28): warning C4244:             _Ty=int
C:\Users\somin\OneDrive\GameServer_TermProject\client\client\client.cpp(217,28): warning C4244:         ]
C:\Users\somin\OneDrive\GameServer_TermProject\client\client\client.cpp(220,29): warning C4244: '인수': '__int64'에서 'const int'(으)로 변환하면서 데이터가 손실될 수 있습니다.
C:\Users\somin\OneDrive\GameServer_TermProject\client\client\client.cpp(221,15): warning C4244: '인수': '__int64'에서 'int'(으)로 변환하면서 데이터가 손실될 수 있습니다.
C:\Users\somin\OneDrive\GameServer_TermProject\client\client\client.cpp(222,15): warning C4244: '인수': '__int64'에서 'int'(으)로 변환하면서 데이터가 손실될 수 있습니다.
C:\Users\somin\OneDrive\GameServer_TermProject\client\client\client.cpp(223,15): warning C4244: '인수': '__int64'에서 'int'(으)로 변환하면서 데이터가 손실될 수 있습니다.
C:\Users\somin\OneDrive\GameServer_TermProject\client\client\client.cpp(224,19): warning C4244: '인수': '__int64'에서 'int'(으)로 변환하면서 데이터가 손실될 수 있습니다.
C:\Users\somin\OneDrive\GameServer_TermProject\client\client\client.cpp(225,16): warning C4244: '인수': '__int64'에서 'int'(으)로 변환하면서 데이터가 손실될 수 있습니다.
C:\Users\somin\OneDrive\GameServer_TermProject\client\client\client.cpp(226,16): warning C4244: '인수': '__int64'에서 'int'(으)로 변환하면서 데이터가 손실될 수 있습니다.
C:\Users\somin\OneDrive\GameServer_TermProject\client\client\client.cpp(227,16): warning C4244: '인수': '__int64'에서 'int'(으)로 변환하면서 데이터가 손실될 수 있습니다.
C:\Users\somin\OneDrive\GameServer_TermProject\client\client\client.cpp(228,29): warning C4244: '인수': '__int64'에서 '_Ty'(으)로 변환하면서 데이터가 손실될 수 있습니다.
C:\Users\somin\OneDrive\GameServer_TermProject\client\client\client.cpp(228,29): warning C4244:         with
C:\Users\somin\OneDrive\GameServer_TermProject\client\client\client.cpp(228,29): warning C4244:         [
C:\Users\somin\OneDrive\GameServer_TermProject\client\client\client.cpp(228,29): warning C4244:             _Ty=int
C:\Users\somin\OneDrive\GameServer_TermProject\client\client\client.cpp(228,29): warning C4244:         ]
C:\Users\somin\OneDrive\GameServer_TermProject\client\client\client.cpp(236,16): warning C4244: '초기화 중': '__int64'에서 'int'(으)로 변환하면서 데이터가 손실될 수 있습니다.
C:\Users\somin\OneDrive\GameServer_TermProject\client\client\client.cpp(342,12): warning C4244: 'return': 'WPARAM'에서 'int'(으)로 변환하면서 데이터가 손실될 수 있습니다.
C:\Users\somin\OneDrive\GameServer_TermProject\client\client\client.cpp(393,92): warning C4267: '인수': 'size_t'에서 'int'(으)로 변환하면서 데이터가 손실될 수 있습니다.
C:\Users\somin\OneDrive\GameServer_TermProject\client\client\client.cpp(408,55): warning C4267: '인수': 'size_t'에서 'int'(으)로 변환하면서 데이터가 손실될 수 있습니다.
C:\Users\somin\OneDrive\GameServer_TermProject\client\client\client.cpp(428,55): warning C4267: '인수': 'size_t'에서 'int'(으)로 변환하면서 데이터가 손실될 수 있습니다.
  client.vcxproj -> C:\Users\somin\OneDrive\GameServer_TermProject\client\x64\Debug\client.exe
